2026-08-13 17:48:34,305 - INFO - Loading data ...
2026-08-13 17:49:03,505 - INFO - Starting training for 50 epochs ...
2026-08-13 17:49:03,511 - INFO - Steps per epoch: 10782
2026-08-13 17:49:03,511 - INFO - Warmup steps: 32346
2026-08-13 17:49:03,511 - INFO - Total steps: 539100
2026-08-15 05:42:43,999 - INFO - Loading data ...
2026-08-15 05:42:58,228 - INFO - Found latest model backup. Training will resume from the interrupted epoch...
2026-08-15 05:42:58,229 - INFO - Starting training for 50 epochs ...
2026-08-15 05:42:58,230 - INFO - Steps per epoch: 10782
2026-08-15 05:42:58,231 - INFO - Warmup steps: 32346
2026-08-15 05:42:58,231 - INFO - Total steps: 539100
2026-08-15 23:15:14,235 - INFO - Loading data ...
2026-08-15 23:15:27,231 - INFO - Found latest model backup. Training will resume from the interrupted epoch...
2026-08-15 23:15:27,233 - INFO - Starting training for 50 epochs ...
2026-08-15 23:15:27,233 - INFO - Steps per epoch: 10782
2026-08-15 23:15:27,234 - INFO - Warmup steps: 32346
2026-08-15 23:15:27,234 - INFO - Total steps: 539100
2026-08-17 19:54:54,391 - INFO - Loading data ...
2026-08-17 19:55:28,745 - INFO - Found latest model backup. Training will resume from the interrupted epoch...
2026-08-17 19:55:28,746 - INFO - Starting training for 50 epochs ...
2026-08-17 19:55:28,746 - INFO - Steps per epoch: 10782
2026-08-17 19:55:28,747 - INFO - Warmup steps: 32346
2026-08-17 19:55:28,747 - INFO - Total steps: 539100
